{"common": {"setting1": {"Value 1": "no_change"}, "setting2": {"200": "del"}, "setting3": {"True": "no_change"}, "setting4": {"blah blah": "add"}, "setting5": {"test": {"qwer": "add"}}, "setting6": {"key": {"value": "del"}}}, "group1": {"baz": {"bas": "del", "bars": "add"}, "foo": {"bar": "no_change"}}, "group2": {"abc": {"12345": "del"}}, "group3": {"fee": {"100500": "add"}}}